Ce e aia: Ovidiu:mama:10?
Ce e aia: dutema?
Ce e aia: more-stuff-done?
